// Vitest Snapshot v1

exports[`Button fires the onClick event when clicked 1`] = `
<button
  className="sc-bczRLJ juGkZa"
  disabled={false}
  onClick={[Function]}
  title="Test"
  type="button"
>
  <div
    className="sc-gsnTZi iqncvO"
  >
    <span>
      Test button
    </span>
  </div>
</button>
`;

exports[`Button fires the onClick event when clicked 2`] = `
<button
  className="sc-bczRLJ juGkZa"
  disabled={false}
  onClick={[Function]}
  title="Test"
  type="button"
>
  <div
    className="sc-gsnTZi iqncvO"
  >
    <span>
      Test button
    </span>
  </div>
</button>
`;
